2

Не могут, потому что жёсткая ссылка, это просто ещё одно имя одного и того же объекта.

4

	vagrant@vagrant:~$ sudo fdisk /dev/sdb

	Welcome to fdisk (util-linux 2.34).
	Changes will remain in memory only, until you decide to write them.
	Be careful before using the write command.

	Device does not contain a recognized partition table.
	Created a new DOS disklabel with disk identifier 0xf59084ad.

	Command (m for help): g
	Created a new GPT disklabel (GUID: 94800729-03EA-CA4A-94B2-E76B2F9B921A).

	Command (m for help): n
	Partition number (1-128, default 1): 1
	First sector (2048-5242846, default 2048): 
	Last sector, +/-sectors or +/-size{K,M,G,T,P} (2048-5242846, default 5242846): +2G

	Created a new partition 1 of type 'Linux filesystem' and of size 2 GiB.

	Command (m for help): n
	Partition number (2-128, default 2): 
	First sector (4196352-5242846, default 4196352): 
	Last sector, +/-sectors or +/-size{K,M,G,T,P} (4196352-5242846, default 5242846): 

	Created a new partition 2 of type 'Linux filesystem' and of size 511 MiB.

	Command (m for help): w
	The partition table has been altered.
	Calling ioctl() to re-read partition table.
	Syncing disks.

5

	vagrant@vagrant:~$ sudo sfdisk -d /dev/sdb | sudo sfdisk /dev/sdc

	vagrant@vagrant:~$ lsblk 
	NAME                 MAJ:MIN RM  SIZE RO TYPE MOUNTPOINT
	sda                    8:0    0   64G  0 disk 
	├─sda1                 8:1    0  512M  0 part /boot/efi
	├─sda2                 8:2    0    1K  0 part 
	└─sda5                 8:5    0 63.5G  0 part 
	  ├─vgvagrant-root   253:0    0 62.6G  0 lvm  /
	  └─vgvagrant-swap_1 253:1    0  980M  0 lvm  [SWAP]
	sdb                    8:16   0  2.5G  0 disk 
	├─sdb1                 8:17   0    2G  0 part 
	└─sdb2                 8:18   0  511M  0 part 
	sdc                    8:32   0  2.5G  0 disk 
	├─sdc1                 8:33   0    2G  0 part 
	└─sdc2                 8:34   0  511M  0 part 

6

	vagrant@vagrant:~$ sudo mdadm --create --verbose /dev/md0 --level=1 --raid-device=2 /dev/sd{b,c}1
	mdadm: Note: this array has metadata at the start and
	    may not be suitable as a boot device.  If you plan to
	    store '/boot' on this device please ensure that
	    your boot-loader understands md/v1.x metadata, or use
	    --metadata=0.90
	mdadm: size set to 2094080K
	Continue creating array? y
	mdadm: Defaulting to version 1.2 metadata
	mdadm: array /dev/md0 started.

	vagrant@vagrant:~$ cat /proc/mdstat 
	Personalities : [linear] [multipath] [raid0] [raid1] [raid6] [raid5] [raid4] [raid10] 
	md0 : active raid1 sdc1[1] sdb1[0]
	      2094080 blocks super 1.2 [2/2] [UU]
	      
	unused devices: <none>

	7

	vagrant@vagrant:~$ sudo mdadm --create --verbose /dev/md1 --level=0 --raid-device=2 /dev/sd{b,c}2
	mdadm: chunk size defaults to 512K
	mdadm: Defaulting to version 1.2 metadata
	mdadm: array /dev/md1 started.
	vagrant@vagrant:~$ cat /proc/mdstat 
	Personalities : [linear] [multipath] [raid0] [raid1] [raid6] [raid5] [raid4] [raid10] 
	md1 : active raid0 sdc2[1] sdb2[0]
	      1041408 blocks super 1.2 512k chunks
	      
	md0 : active raid1 sdc1[1] sdb1[0]
	      2094080 blocks super 1.2 [2/2] [UU]
	      
	unused devices: <none>

8

	vagrant@vagrant:~$ sudo pvcreate /dev/md{0,1}
	  Physical volume "/dev/md0" successfully created.
	  Physical volume "/dev/md1" successfully created.
	vagrant@vagrant:~$ sudo pvs
	  PV         VG        Fmt  Attr PSize    PFree   
	  /dev/md0             lvm2 ---    <2.00g   <2.00g
	  /dev/md1             lvm2 ---  1017.00m 1017.00m
	  /dev/sda5  vgvagrant lvm2 a--   <63.50g       0 

9

	vagrant@vagrant:~$ sudo vgcreate vgvagrant2 /dev/md{0,1}
	  Volume group "vgvagrant2" successfully created

10

	vagrant@vagrant:~$ sudo lvcreate -L 100M vgvagrant2 /dev/md1
	  Logical volume "lvol0" created.

11

	vagrant@vagrant:~$ sudo mkfs.ext4 /dev/vgvagrant2/lvol0 
	mke2fs 1.45.5 (07-Jan-2020)
	Creating filesystem with 25600 4k blocks and 25600 inodes

	Allocating group tables: done                            
	Writing inode tables: done                            
	Creating journal (1024 blocks): done
	Writing superblocks and filesystem accounting information: done

12

	vagrant@vagrant:~$ sudo mount /dev/vgvagrant2/lvol0 /tmp/new

13

	vagrant@vagrant:~$ wget https://mirror.yandex.ru/ubuntu/ls-lR.gz -O /tmp/new/test.gz
	--2021-10-29 14:21:32--  https://mirror.yandex.ru/ubuntu/ls-lR.gz
	Resolving mirror.yandex.ru (mirror.yandex.ru)... 213.180.204.183, 2a02:6b8::183
	Connecting to mirror.yandex.ru (mirror.yandex.ru)|213.180.204.183|:443... connected.
	HTTP request sent, awaiting response... 200 OK
	Length: 22116897 (21M) [application/octet-stream]
	Saving to: ‘/tmp/new/test.gz’

	/tmp/new/test.gz                          100%[====================================================================================>]  21.09M  19.9MB/s    in 1.1s    

	2021-10-29 14:21:33 (19.9 MB/s) - ‘/tmp/new/test.gz’ saved [22116897/22116897]

14

	vagrant@vagrant:~$ lsblk
	NAME                   MAJ:MIN RM  SIZE RO TYPE  MOUNTPOINT
	sda                      8:0    0   64G  0 disk  
	├─sda1                   8:1    0  512M  0 part  /boot/efi
	├─sda2                   8:2    0    1K  0 part  
	└─sda5                   8:5    0 63.5G  0 part  
	  ├─vgvagrant-root     253:0    0 62.6G  0 lvm   /
	  └─vgvagrant-swap_1   253:1    0  980M  0 lvm   [SWAP]
	sdb                      8:16   0  2.5G  0 disk  
	├─sdb1                   8:17   0    2G  0 part  
	│ └─md0                  9:0    0    2G  0 raid1 
	└─sdb2                   8:18   0  511M  0 part  
	  └─md1                  9:1    0 1017M  0 raid0 
	    └─vgvagrant2-lvol0 253:2    0  100M  0 lvm   /tmp/new
	sdc                      8:32   0  2.5G  0 disk  
	├─sdc1                   8:33   0    2G  0 part  
	│ └─md0                  9:0    0    2G  0 raid1 
	└─sdc2                   8:34   0  511M  0 part  
	  └─md1                  9:1    0 1017M  0 raid0 
	    └─vgvagrant2-lvol0 253:2    0  100M  0 lvm   /tmp/new

15

	vagrant@vagrant:~$ gzip -t /tmp/new/test.gz
	vagrant@vagrant:~$ echo $?
	0

16

	vagrant@vagrant:~$ sudo pvmove /dev/md1 /dev/md0
	  /dev/md1: Moved: 20.00%
	  /dev/md1: Moved: 100.00%
	vagrant@vagrant:~$ lsblk
	NAME                   MAJ:MIN RM  SIZE RO TYPE  MOUNTPOINT
	sda                      8:0    0   64G  0 disk  
	├─sda1                   8:1    0  512M  0 part  /boot/efi
	├─sda2                   8:2    0    1K  0 part  
	└─sda5                   8:5    0 63.5G  0 part  
	  ├─vgvagrant-root     253:0    0 62.6G  0 lvm   /
	  └─vgvagrant-swap_1   253:1    0  980M  0 lvm   [SWAP]
	sdb                      8:16   0  2.5G  0 disk  
	├─sdb1                   8:17   0    2G  0 part  
	│ └─md0                  9:0    0    2G  0 raid1 
	│   └─vgvagrant2-lvol0 253:2    0  100M  0 lvm   /tmp/new
	└─sdb2                   8:18   0  511M  0 part  
	  └─md1                  9:1    0 1017M  0 raid0 
	sdc                      8:32   0  2.5G  0 disk  
	├─sdc1                   8:33   0    2G  0 part  
	│ └─md0                  9:0    0    2G  0 raid1 
	│   └─vgvagrant2-lvol0 253:2    0  100M  0 lvm   /tmp/new
	└─sdc2                   8:34   0  511M  0 part  
	  └─md1                  9:1    0 1017M  0 raid0 


17

	vagrant@vagrant:~$ sudo mdadm --fail /dev/md0 /dev/sdc1
	mdadm: set /dev/sdc1 faulty in /dev/md0

18

	[Fri Oct 29 14:32:22 2021] md/raid1:md0: Disk failure on sdc1, disabling device.
	                           md/raid1:md0: Operation continuing on 1 devices.

19

	vagrant@vagrant:~$ gzip -t /tmp/new/test.gz 
	vagrant@vagrant:~$ echo $?
	0
	